// Jest Snapshot v1, https://goo.gl/fbAQLP

exports[`<DeleteConfermation /> render() renders the component 1`] = `
<div>
  <WithStyles(Dialog)
    aria-describedby="alert-dialog-description"
    aria-labelledby="alert-dialog-title"
    onClose={[Function]}
    open={[Function]}
  >
    <WithStyles(DialogTitle)
      id="alert-dialog-title"
    >
      confirm Delete
    </WithStyles(DialogTitle)>
    <WithStyles(DialogContent)>
      <WithStyles(DialogContentText)
        id="alert-dialog-description"
      >
        Are you sure you want to delete this Item?
      </WithStyles(DialogContentText)>
    </WithStyles(DialogContent)>
    <WithStyles(DialogActions)>
      <WithStyles(Button)
        color="primary"
        onClick={[Function]}
      >
        Disagree
      </WithStyles(Button)>
      <WithStyles(Button)
        autoFocus={true}
        color="primary"
        onClick={[Function]}
      >
        Agree
      </WithStyles(Button)>
    </WithStyles(DialogActions)>
  </WithStyles(Dialog)>
</div>
`;
