// Jest Snapshot v1, https://goo.gl/fbAQLP

exports[`<Item /> render() renders the component 1`] = `
<WithStyles(Grid)
  className={Object {}}
  container={true}
  key="1"
>
  <WithStyles(Grid)
    item={true}
    xs={12}
  >
    <WithStyles(ListItem)>
      <WithStyles(Grid)
        item={true}
        xs={1}
      >
        <WithStyles(Checkbox)
          checked={false}
          onChange={[Function]}
        />
      </WithStyles(Grid)>
      <WithStyles(Grid)
        className=""
        item={true}
        xs={6}
      >
        <WithStyles(ListItemText)
          inset={true}
        />
      </WithStyles(Grid)>
      <WithStyles(Grid)
        className=""
        item={true}
        xs={1}
      >
        <WithStyles(IconButton)
          disableRipple={true}
          onClick={[Function]}
          style={
            Object {
              "marginRight": "1rem",
            }
          }
        >
          <pure(EditIcon) />
        </WithStyles(IconButton)>
      </WithStyles(Grid)>
      <WithStyles(Grid)
        className=""
        item={true}
        xs={4}
      >
        <Connect(WithStyles(AddRecipe))
          id="1"
          style={
            Object {
              "float": "right",
            }
          }
        />
      </WithStyles(Grid)>
      <WithStyles(ListItemSecondaryAction)>
        <Connect(DeleteConfermation)
          id="1"
          toggleDeleteConfirmation={false}
        />
        <Connect(ToggleMenu)
          completed={false}
          id="1"
          toggleDeleteConfirmationDialogue={[Function]}
        />
      </WithStyles(ListItemSecondaryAction)>
    </WithStyles(ListItem)>
  </WithStyles(Grid)>
  <WithStyles(Grid)
    className=""
    item={true}
    xs={12}
  >
    <Connect(WithStyles(Recipe))
      id="1"
      recipes={
        Array [
          Object {
            "_id": "1",
            "name": "Tea",
          },
        ]
      }
    />
  </WithStyles(Grid)>
</WithStyles(Grid)>
`;
