// Jest Snapshot v1, https://goo.gl/fbAQLP

exports[`<ShoppingList /> render() renders the component 1`] = `
<Container
  className="ShoppingList-root-199"
  tag="div"
>
  <WithStyles(List)
    component="nav"
  >
    <Connect(WithStyles(Item))
      _id="1"
      name="Milk"
    />
  </WithStyles(List)>
</Container>
`;
